<html>
<body>
<pre>
<h1>µVision Build Log</h1>
<h2>Project:</h2>
D:\diansai\bluetooth_rx_test2\MDK-ARM\bluetooth_rx_test2.uvprojx
Project File Date:  07/27/2023

<h2>Output:</h2>
Build target 'bluetooth_rx_test2'
compiling main.c...
linking...
Program Size: Code=7032 RO-data=380 RW-data=24 ZI-data=1688  
FromELF: creating hex file...
"bluetooth_rx_test2\bluetooth_rx_test2.axf" - 0 Error(s), 0 Warning(s).

<h2>Software Packages used:</h2>

Package Vendor: ARM
                http://www.keil.com/pack/ARM.CMSIS.3.20.4.pack
                ARM::CMSIS:CORE:3.20.0
                Cortex Microcontroller Software Interface Standard (CMSIS) CORE, DSP, RTOS, Driver
   * Component: CORE Version: 3.20.0

<h2>Collection of Component include folders:</h2>
  D:\diansai\bluetooth_rx_test2\MDK-ARM\RTE
  D:\diansai\ARM\PACK\ARM\CMSIS\3.20.4\CMSIS\Include
  D:\diansai\ARM\PACK\Keil\STM32F1xx_DFP\1.0.4\Device\Include

<h2>Collection of Component Files used:</h2>

   * Component: ARM::CMSIS:CORE:3.20.0
Load "bluetooth_rx_test2\\bluetooth_rx_test2.axf" 
Erase Done.
Programming Done.
Verify OK.
</pre>
</body>
</html>
/pack/ARM.CMSIS.3.20.4.pack
                ARM::CMSIS:CORE:3.20.0
                Cortex Microcontroller Software Interface Standard (CMSIS) CORE, DSP, RTOS, Driver
   * Component: CORE Version: 3.20.0

<h2>Collection of Component include folders:</h2>
  D:\diansai\bluetooth_rx_test2\MDK-ARM\RTE
  D:\diansai\ARM\PACK\ARM\CMSIS\3.20.4\CMSIS\Include
  D:\diansai\ARM\PACK\Keil\STM32F1xx_DFP\1.0.4\Device\Include

<h2>Collection of Component Files used:</h2>

   * Component: ARM::CMSIS:CORE:3.20.0
Load "bluetooth_rx_test2\\bluetooth_rx_test2.axf" 
Erase Done.
Programming Done.
Verify OK.
compiling usart.c...
"../Core/Src/usart.c" - 0 Error(s), 0 Warning(s).


   * Component: ARM::CMSIS:CORE:3.20.0
Target not created
